
Commands:
    repo <project.git> [init|info|rename|set|drop]
    role <rolename>
    user <username> [add|addkey|info|name|role|rmkey|delete]
    help [command]
    exit

See 'help <command>' to read more about a specific command.

