created 2022-09-27T21:14:17Z
createdby testrunner
name First
role admin,web
