
Examples:
    git> user john
    git> user john add
    git> user john addkey <ssh-public-key>
    git> user john name "John Smith"
    git> user john role admin,web
    git> user john rmkey john <fingerprint>
    git> user john delete

user 'many091' created
