List of users: (filter: y02)
   many020  many022  many024  many026  many028
   many021  many023  many025  many027  many029
