List of users: (filter: *)
   many001  many014  many027  many040  many053  many066  many079  many092
   many002  many015  many028  many041  many054  many067  many080  many093
   many003  many016  many029  many042  many055  many068  many081  many094
   many004  many017  many030  many043  many056  many069  many082  many095
   many005  many018  many031  many044  many057  many070  many083  many096
   many006  many019  many032  many045  many058  many071  many084  many097
   many007  many020  many033  many046  many059  many072  many085  many098
   many008  many021  many034  many047  many060  many073  many086  many099
   many009  many022  many035  many048  many061  many074  many087  ...
   many010  many023  many036  many049  many062  many075  many088
   many011  many024  many037  many050  many063  many076  many089
   many012  many025  many038  many051  many064  many077  many090
   many013  many026  many039  many052  many065  many078  many091
