Repo:  test1.git [R: W:]
Owner: testrunner
Size:  - fork -

LIST OF USERS WITH ACCESS:   (* = write)
