user.test1.created 2022-09-27T21:14:17Z
LIST OF USERS: (filter: test1)
