Key '8c65c5fcca5d8847674889b4b34312bf weak@rsa.key (RSA)' added for 'test1'
