
Examples:
    git> user john
    git> user john add
    git> user john addkey <ssh-public-key>
    git> user john rmkey john fingerprint
    git> user john group admin
    git> user john name "John Smith"
    git> user john delete

user 'test2' created.
