
Commands:
    repo <project.git> [init|info|rename|conf|drop]
    user <username> [add|delete|conf|addkey|rmkey|info]
    help [command]
    exit

See 'help <command>' to read more about a specific command.

